// Jest Snapshot v1, https://goo.gl/fbAQLP

exports[`Service gets all avalable characteristics 1`] = `
Array [
  "2a24",
  "2a29",
]
`;

exports[`Service gets all avalable characteristics using converers 1`] = `
Array [
  "2a24",
  "2a29",
]
`;
